 CYNOS32

 Timestamp is 5d1f4c35 (Fri Jul  5 22:10:13 2019)

 Preferred load address is 00100000

 Start         Length     Name                   Class
 0001:00000000 00005a94H .text$mn                CODE
 0002:00000000 00000b5cH .rdata                  DATA
 0002:00000b5c 00000000H .edata                  DATA
 0002:00000b5c 000000b0H .rdata$zzzdbg           DATA
 0003:00000000 00000004H .CRT$XCA                DATA
 0003:00000004 00000004H .CRT$XCZ                DATA
 0003:00000008 00000004H .CRT$XIA                DATA
 0003:0000000c 00000004H .CRT$XIZ                DATA
 0003:00000010 00000288H .data                   DATA
 0003:00000298 00001d5cH .bss                    DATA

  Address         Publics by Value              Rva+Base       Lib:Object

 0000:00000000       ___guard_iat_table         00000000     <absolute>
 0000:00000000       ___hybrid_code_map         00000000     <absolute>
 0000:00000000       ___guard_fids_table        00000000     <absolute>
 0000:00000000       ___hybrid_code_map_count   00000000     <absolute>
 0000:00000000       ___hybrid_auxiliary_iat    00000000     <absolute>
 0000:00000000       ___guard_longjmp_table     00000000     <absolute>
 0000:00000000       ___guard_longjmp_count     00000000     <absolute>
 0000:00000000       ___guard_fids_count        00000000     <absolute>
 0000:00000000       ___volatile_metadata       00000000     <absolute>
 0000:00000000       ___dynamic_value_reloc_table 00000000     <absolute>
 0000:00000000       ___guard_iat_count         00000000     <absolute>
 0000:00000000       ___guard_flags             00000000     <absolute>
 0000:00000000       ___enclave_config          00000000     <absolute>
 0001:00000000       ?multiboot_entry@@YAXXZ    00100400 f   kmain.obj
 0001:00000040       ?SetInterruptVector@@YAXXZ 00100440 f   InitKernel.obj
 0001:000001a0       ?HandleDivideByZero@@YAXUregisters@@@Z 001005a0 f   Exception.obj
 0001:000001f0       ?kExceptionMessageHeader@@YAXXZ 001005f0 f   Exception.obj
 0001:00000240       ?kHandleAlignedCheckFault@@YAXXZ 00100640 f   Exception.obj
 0001:00000260       ?kHandleBoundsCheckFault@@YAXXZ 00100660 f   Exception.obj
 0001:00000280       ?kHandleBreakPointTrap@@YAXXZ 00100680 f   Exception.obj
 0001:000002a0       ?kHandleDivideByZero@@YAXXZ 001006a0 f   Exception.obj
 0001:000002c0       ?kHandleDoubleFaultAbort@@YAXXZ 001006c0 f   Exception.obj
 0001:000002e0       ?kHandleFPUFault@@YAXXZ    001006e0 f   Exception.obj
 0001:00000300       ?kHandleGeneralProtectionFault@@YAXXZ 00100700 f   Exception.obj
 0001:00000320       ?kHandleInvalidOpcodeFault@@YAXXZ 00100720 f   Exception.obj
 0001:00000340       ?kHandleInvalidTSSFault@@YAXXZ 00100740 f   Exception.obj
 0001:00000360       ?kHandleMachineCheckAbort@@YAXXZ 00100760 f   Exception.obj
 0001:00000380       ?kHandleNMITrap@@YAXXZ     00100780 f   Exception.obj
 0001:000003a0       ?kHandleNoDeviceFault@@YAXXZ 001007a0 f   Exception.obj
 0001:000003c0       ?kHandleOverflowTrap@@YAXXZ 001007c0 f   Exception.obj
 0001:000003e0       ?kHandlePageFault@@YAXXZ   001007e0 f   Exception.obj
 0001:00000400       ?kHandleSIMDFPUFault@@YAXXZ 00100800 f   Exception.obj
 0001:00000420       ?kHandleSegmentFault@@YAXXZ 00100820 f   Exception.obj
 0001:00000440       ?kHandleSingleStepTrap@@YAXXZ 00100840 f   Exception.obj
 0001:00000460       ?kHandleStackFault@@YAXXZ  00100860 f   Exception.obj
 0001:00000480       ?EnableFPU@@YA_NXZ         00100880 f   FPU.obj
 0001:000004a0       ?InitFPU@@YA_NXZ           001008a0 f   FPU.obj
 0001:00000510       ?GDTInitialize@@YAHXZ      00100910 f   GDT.obj
 0001:000005e0       ?gdt_set_descriptor@@YAXI_K0EE@Z 001009e0 f   GDT.obj
 0001:000006b0       ?OutPortByte@@YAXGE@Z      00100ab0 f   HAL.obj
 0001:000006c0       ?setvect@@YAXHA6AXXZH@Z    00100ac0 f   HAL.obj
 0001:000006f0       ?IDTInitialize@@YA_NG@Z    00100af0 f   IDT.obj
 0001:00000790       ?InstallInterrputHandler@@YA_NIGGP6AXXZ@Z 00100b90 f   IDT.obj
 0001:00000850       ?InterrputDefaultHandler@@YAXXZ 00100c50 f   IDT.obj
 0001:00000860       ?SendEOI@@YAXXZ            00100c60 f   IDT.obj
 0001:00000880       ?PICInitialize@@YAXEE@Z    00100c80 f   PIC.obj
 0001:00000920       ?SendCommandToPIC@@YAXEE@Z 00100d20 f i PIC.obj
 0001:00000970       ?SendDataToPIC@@YAXEE@Z    00100d70 f i PIC.obj
 0001:000009c0       ?InitializePIT@@YAXXZ      00100dc0 f   PIT.obj
 0001:000009e0       ?InterruptPITHandler@@YAXXZ 00100de0 f   PIT.obj
 0001:00000a00       ?SendPITCommand@@YAXE@Z    00100e00 f   PIT.obj
 0001:00000a20       ?SendPITData@@YAXGE@Z      00100e20 f   PIT.obj
 0001:00000a80       ?StartPITCounter@@YAXIEE@Z 00100e80 f   PIT.obj
 0001:00000b20       ?InitKernelHeap@HeapManager@@YA_NH@Z 00100f20 f   HeapManager.obj
 0001:00000b60       ?AddAttribute@PageTableEntry@@YAXPAII@Z 00100f60 f   PageTableEntry.obj
 0001:00000b60       ?AddAttribute@PageDirectoryEntry@@YAXPAII@Z 00100f60 f   PageDirectoryEntry.obj
 0001:00000b80       ?SetFrame@PageDirectoryEntry@@YAXPAII@Z 00100f80 f   PageDirectoryEntry.obj
 0001:00000b80       ?SetFrame@PageTableEntry@@YAXPAII@Z 00100f80 f   PageTableEntry.obj
 0001:00000ba0       ?AllocBlock@PhysicalMemoryManager@@YAPAXXZ 00100fa0 f   PhysicalMemoryManager.obj
 0001:00000c00       ?AllocBlocks@PhysicalMemoryManager@@YAPAXI@Z 00101000 f   PhysicalMemoryManager.obj
 0001:00000c80       ?Dump@PhysicalMemoryManager@@YAXXZ 00101080 f   PhysicalMemoryManager.obj
 0001:00000cf0       ?EnablePaging@PhysicalMemoryManager@@YAX_N@Z 001010f0 f   PhysicalMemoryManager.obj
 0001:00000d20       ?GetFreeBlockCount@PhysicalMemoryManager@@YAIXZ 00101120 f   PhysicalMemoryManager.obj
 0001:00000d30       ?GetFreeFrame@PhysicalMemoryManager@@YAIXZ 00101130 f   PhysicalMemoryManager.obj
 0001:00000db0       ?GetFreeFrames@PhysicalMemoryManager@@YAII@Z 001011b0 f   PhysicalMemoryManager.obj
 0001:00000ed0       ?GetKernelEnd@PhysicalMemoryManager@@YAIPAUmultiboot_info@@@Z 001012d0 f   PhysicalMemoryManager.obj
 0001:00000fb0       ?GetMemoryMapSize@PhysicalMemoryManager@@YAIXZ 001013b0 f   PhysicalMemoryManager.obj
 0001:00000fc0       ?GetMemorySize@PhysicalMemoryManager@@YAIXZ 001013c0 f   PhysicalMemoryManager.obj
 0001:00000fd0       ?GetTotalBlockCount@PhysicalMemoryManager@@YAIXZ 001013d0 f   PhysicalMemoryManager.obj
 0001:00000fe0       ?GetTotalMemory@PhysicalMemoryManager@@YAIPAUmultiboot_info@@@Z 001013e0 f   PhysicalMemoryManager.obj
 0001:000010b0       ?Initialize@PhysicalMemoryManager@@YAXPAUmultiboot_info@@@Z 001014b0 f   PhysicalMemoryManager.obj
 0001:00001200       ?SetAvailableMemory@PhysicalMemoryManager@@YAXII@Z 00101600 f   PhysicalMemoryManager.obj
 0001:00001260       ?SetBit@PhysicalMemoryManager@@YAXH@Z 00101660 f   PhysicalMemoryManager.obj
 0001:000012b0       ?TestMemoryMap@PhysicalMemoryManager@@YA_NH@Z 001016b0 f   PhysicalMemoryManager.obj
 0001:00001300       ?UnsetBit@PhysicalMemoryManager@@YAXH@Z 00101700 f   PhysicalMemoryManager.obj
 0001:00001350       ?CreateCommonPageDirectory@VirtualMemoryManager@@YAPAUtag_PageDirectory@@XZ 00101750 f   VirtualMemoryManager.obj
 0001:000014d0       ?GetKernelPageDirectory@VirtualMemoryManager@@YAPAUtag_PageDirectory@@XZ 001018d0 f   VirtualMemoryManager.obj
 0001:000014e0       ?Initialize@VirtualMemoryManager@@YA_NXZ 001018e0 f   VirtualMemoryManager.obj
 0001:00001570       ?SetCurPageDirectory@VirtualMemoryManager@@YA_NPAUtag_PageDirectory@@@Z 00101970 f   VirtualMemoryManager.obj
 0001:00001590       ?SetKernelPageDirectory@VirtualMemoryManager@@YA_NPAUtag_PageDirectory@@@Z 00101990 f   VirtualMemoryManager.obj
 0001:000015b0       ?SetPageDirectory@VirtualMemoryManager@@YAXPAUtag_PageDirectory@@@Z 001019b0 f   VirtualMemoryManager.obj
 0001:000015c0       ?HardwareInitialize@@YAXXZ 001019c0 f   kmain.obj
 0001:000015f0       ?InitMemoryManager@@YA_NPAUmultiboot_info@@@Z 001019f0 f   kmain.obj
 0001:00001630       ?kmain@@YAXKK@Z            00101a30 f   kmain.obj
 0001:00001750       ?Clear@CYNConsole@@YAXXZ   00101b50 f   CYNConsole.obj
 0001:000017b0       ?Initialize@CYNConsole@@YAXXZ 00101bb0 f   CYNConsole.obj
 0001:00001860       ?MoveCursor@CYNConsole@@YAXII@Z 00101c60 f   CYNConsole.obj
 0001:00001920       ?Print@CYNConsole@@YAXPBDZZ 00101d20 f   CYNConsole.obj
 0001:00001c40       ?SetBackColor@CYNConsole@@YAXW4ConsoleColor@@@Z 00102040 f   CYNConsole.obj
 0001:00001c70       ?SetColor@CYNConsole@@YAXW4ConsoleColor@@0_N@Z 00102070 f   CYNConsole.obj
 0001:00001cb0       ?SetTextColor@CYNConsole@@YAXW4ConsoleColor@@@Z 001020b0 f   CYNConsole.obj
 0001:00001ce0       ?Write@CYNConsole@@YAXPBD@Z 001020e0 f   CYNConsole.obj
 0001:00001d20       ?WriteChar@CYNConsole@@YAXDW4ConsoleColor@@0@Z 00102120 f   CYNConsole.obj
 0001:00001eb0       ?scrollup@CYNConsole@@YAXXZ 001022b0 f   CYNConsole.obj
 0001:00001f50       _atexit                    00102350 f   CommonLib:cstd.obj
 0001:00001fa0       ?_atexit_init@@YAXXZ       001023a0 f   CommonLib:cstd.obj
 0001:00001fc0       ?Exit@@YAXXZ               001023c0 f   CommonLib:cstd.obj
 0001:00002000       ?InitializeConstructors@@YAXXZ 00102400 f   CommonLib:cstd.obj
 0001:00002020       ?_purecall_handler@@YAHXZ  00102420 f   CommonLib:cstd.obj
 0001:00002030       __CIcos                    00102430 f   CommonLib:cstd.obj
 0001:00002040       __CIsin                    00102440 f   CommonLib:cstd.obj
 0001:00002050       __CIsqrt                   00102450 f   CommonLib:cstd.obj
 0001:00002060       __ftol2_sse                00102460 f   CommonLib:cstd.obj
 0001:00002070       __aullshr                  00102470 f   CommonLib:cstd.obj
 0001:00002090       __dtol3                    00102490 f   CommonLib:cstd.obj
 0001:000020a0       __dtoui3                   001024a0 f   CommonLib:cstd.obj
 0001:000020b0       __dtoul3                   001024b0 f   CommonLib:cstd.obj
 0001:000020f0       _memcpy                    001024f0 f   CommonLib:memory.obj
 0001:00002140       _memset                    00102540 f   CommonLib:memory.obj
 0001:00002170       _memcmp                    00102570 f   CommonLib:memory.obj
 0001:000021e0       _memmove                   001025e0 f   CommonLib:memory.obj
 0001:00002260       _memchr                    00102660 f   CommonLib:memory.obj
 0001:000022b0       _sprintf                   001026b0 f   CommonLib:sprintf.obj
 0001:000022e0       _itoa                      001026e0 f   CommonLib:sprintf.obj
 0001:000023b0       _itoa_s                    001027b0 f   CommonLib:sprintf.obj
 0001:000023e0       __i64toa                   001027e0 f   CommonLib:sprintf.obj
 0001:000024f0       ?itoa_s@@YAXHIPAD@Z        001028f0 f   CommonLib:sprintf.obj
 0001:00002530       _strcpy                    00102930 f   CommonLib:string.obj
 0001:00002570       _strlen                    00102970 f   CommonLib:string.obj
 0001:000025a0       _strcmp                    001029a0 f   CommonLib:string.obj
 0001:00002600       _strncmp                   00102a00 f   CommonLib:string.obj
 0001:00002680       _strncasecmp               00102a80 f   CommonLib:string.obj
 0001:00002730       _strstr                    00102b30 f   CommonLib:string.obj
 0001:000027b0       _strupr                    00102bb0 f   CommonLib:string.obj
 0001:00002800       _strcat                    00102c00 f   CommonLib:string.obj
 0001:00002870       _strncat                   00102c70 f   CommonLib:string.obj
 0001:000028d0       _strchr                    00102cd0 f   CommonLib:string.obj
 0001:00002910       _stricmp                   00102d10 f   CommonLib:string.obj
 0001:00002a00       _strpbrk                   00102e00 f   CommonLib:string.obj
 0001:00002a50       _strtok                    00102e50 f   CommonLib:string.obj
 0001:00002ad0       _strspn                    00102ed0 f   CommonLib:string.obj
 0001:00002b40       _strncpy                   00102f40 f   CommonLib:string.obj
 0001:00002b90       _strnicmp                  00102f90 f   CommonLib:string.obj
 0001:00002c00       _strnchr                   00103000 f   CommonLib:string.obj
 0001:00002c50       _strrchr                   00103050 f   CommonLib:string.obj
 0001:00002ca0       _strxfrm                   001030a0 f   CommonLib:string.obj
 0001:00002d30       _strcoll                   00103130 f   CommonLib:string.obj
 0001:00002d50       _strtod                    00103150 f   CommonLib:string.obj
 0001:000030f0       _strcspn                   001034f0 f   CommonLib:string.obj
 0001:00003160       _ftoa_fixed                00103560 f   CommonLib:string.obj
 0001:00003300       _ftoa_sci                  00103700 f   CommonLib:string.obj
 0001:00003460       _strichr                   00103860 f   CommonLib:string.obj
 0001:000034c0       _strtok_r                  001038c0 f   CommonLib:string.obj
 0001:000035e0       _memsetw                   001039e0 f   CommonLib:string.obj
 0001:00003620       ?normalize@@YAHPAN@Z       00103a20 f   CommonLib:string.obj
 0001:000036e0       _strtoul                   00103ae0 f   CommonLib:stdio.obj
 0001:00003940       _vsprintf                  00103d40 f   CommonLib:stdio.obj
 0001:00003e70       _strtol                    00104270 f   CommonLib:stdio.obj
 0001:00004100       _atoi                      00104500 f   CommonLib:stdio.obj
 0001:00004120       _atof                      00104520 f   CommonLib:stdio.obj
 0001:000042b0       _sscanf                    001046b0 f   CommonLib:stdio.obj
 0001:000042e0       _simple_strtoul            001046e0 f   CommonLib:stdio.obj
 0001:00004410       _simple_strtol             00104810 f   CommonLib:stdio.obj
 0001:00004450       _simple_strtoull           00104850 f   CommonLib:stdio.obj
 0001:000045a0       _simple_strtoll            001049a0 f   CommonLib:stdio.obj
 0001:000045f0       _vnsprintf                 001049f0 f   CommonLib:stdio.obj
 0001:00004b30       ?vsscanf@@YAHPBD0PAE@Z     00104f30 f   CommonLib:stdio.obj
 0001:00005260       __aulldiv                  00105660 f   CommonLib:ulldiv.obj
 0001:000052d0       __aullrem                  001056d0 f   CommonLib:ullrem.obj
 0001:00005540       _atob                      00105940 f   CommonLib:atob.obj
 0001:00005590       _btoa                      00105990 f   CommonLib:atob.obj
 0001:00005700       _gethex                    00105b00 f   CommonLib:atob.obj
 0001:00005890       __isctype                  00105c90 f   CommonLib:ctype.obj
 0001:000058c0       _isspace                   00105cc0 f   CommonLib:ctype.obj
 0001:000058e0       _isupper                   00105ce0 f   CommonLib:ctype.obj
 0001:00005900       _islower                   00105d00 f   CommonLib:ctype.obj
 0001:00005920       _isdigit                   00105d20 f   CommonLib:ctype.obj
 0001:00005940       _isxdigit                  00105d40 f   CommonLib:ctype.obj
 0001:00005960       _ispunct                   00105d60 f   CommonLib:ctype.obj
 0001:00005980       _isalpha                   00105d80 f   CommonLib:ctype.obj
 0001:000059a0       _isalnum                   00105da0 f   CommonLib:ctype.obj
 0001:000059c0       _isprint                   00105dc0 f   CommonLib:ctype.obj
 0001:000059e0       _isgraph                   00105de0 f   CommonLib:ctype.obj
 0001:00005a00       _iscntrl                   00105e00 f   CommonLib:ctype.obj
 0001:00005a20       _isleadbyte                00105e20 f   CommonLib:ctype.obj
 0001:00005a40       _toupper                   00105e40 f   CommonLib:ctype.obj
 0001:00005a70       _tolower                   00105e70 f   CommonLib:ctype.obj
 0002:00000af8       __real@0000000000000000    00106af8     CommonLib:string.obj
 0002:00000b00       __real@3fb999999999999a    00106b00     CommonLib:string.obj
 0002:00000b08       __real@3ff0000000000000    00106b08     CommonLib:string.obj
 0002:00000b10       __real@4024000000000000    00106b10     CommonLib:string.obj
 0002:00000b18       __real@41cdcd6500000000    00106b18     CommonLib:string.obj
 0002:00000b20       __xmm@80000000000000008000000000000000 00106b20     CommonLib:string.obj
 0003:00000000       ?__xc_a@@3PAP6AXXZA        00107000     CommonLib:cstd.obj
 0003:00000004       ?__xc_z@@3PAP6AXXZA        00107004     CommonLib:cstd.obj
 0003:00000008       ?__xi_a@@3PAP6AXXZA        00107008     CommonLib:cstd.obj
 0003:0000000c       ?__xi_z@@3PAP6AXXZA        0010700c     CommonLib:cstd.obj
 0003:00000014       ?_dividend@@3HA            00107014     kmain.obj
 0003:00000018       __fltused                  00107018     CommonLib:cstd.obj
 0003:00000020       ?bchars@@3PADA             00107020     CommonLib:sprintf.obj
 0003:00000088       __pctype                   00107088     CommonLib:ctype.obj
 0003:00000090       ?_ctype@@3PAGA             00107090     CommonLib:ctype.obj
 0003:00000af8       ?_pitTicks@@3IC            00107af8     PIT.obj
 0003:00000afc       ?_lastTickCount@@3KA       00107afc     PIT.obj
 0003:00000b00       ?g_heapInit@@3_NA          00107b00     HeapManager.obj
 0003:00000b04       ?m_heapFrameCount@HeapManager@@3HA 00107b04     HeapManager.obj
 0003:00000b08       ?m_pKernelHeapPhysicalMemory@HeapManager@@3PAXA 00107b08     HeapManager.obj
 0003:00000b0c       ?kheap@@3Uheap_t@@A        00107b0c     kheap.obj
 0003:00000b2c       ?g_usedHeapSize@@3KA       00107b2c     kheap.obj
 0003:00000b30       ?m_memorySize@PhysicalMemoryManager@@3IA 00107b30     PhysicalMemoryManager.obj
 0003:00000b34       ?m_usedBlocks@PhysicalMemoryManager@@3IA 00107b34     PhysicalMemoryManager.obj
 0003:00000b38       ?m_maxBlocks@PhysicalMemoryManager@@3IA 00107b38     PhysicalMemoryManager.obj
 0003:00000b3c       ?m_pMemoryMap@PhysicalMemoryManager@@3PAIA 00107b3c     PhysicalMemoryManager.obj
 0003:00000b40       ?m_memoryMapSize@PhysicalMemoryManager@@3IA 00107b40     PhysicalMemoryManager.obj
 0003:00000b44       ?g_totalMemorySize@PhysicalMemoryManager@@3IA 00107b44     PhysicalMemoryManager.obj
 0003:00000b48       ?g_pageDirectoryPool@@3PAPAUtag_PageDirectory@@A 00107b48     VirtualMemoryManager.obj
 0003:00000be8       ?g_pageDirectoryAvailable@@3PA_NA 00107be8     VirtualMemoryManager.obj
 0003:00000c10       ?_kernel_directory@VirtualMemoryManager@@3PAUtag_PageDirectory@@A 00107c10     VirtualMemoryManager.obj
 0003:00000c14       ?_cur_directory@VirtualMemoryManager@@3PAUtag_PageDirectory@@A 00107c14     VirtualMemoryManager.obj
 0003:00000c18       ?_divider@@3HA             00107c18     kmain.obj
 0003:00000c40       ?runtimeTempBuffer@@3PADA  00107c40     CommonLib:cstd.obj
 0003:00001fd0       ?tbuf@@3PADA               00108fd0     CommonLib:sprintf.obj

 entry point at        0001:00000000

 Static symbols

 0001:000005d0       ?InstallGDT@@YAXXZ         001009d0 f   GDT.obj
 0001:00000780       ?IDTInstall@@YAXXZ         00100b80 f   IDT.obj
 0001:00001bf4       $LN23                      00101ff4     CYNConsole.obj
 0001:00001c10       $LN22                      00102010     CYNConsole.obj
 0001:000020c0       ?_initterm@@YAXPAP6AXXZ0@Z 001024c0 f   CommonLib:cstd.obj
 0001:00003560       ?ToUpper@@YAEE@Z           00103960 f   CommonLib:string.obj
 0001:00003590       ?IsDigit@@YAEE@Z           00103990 f   CommonLib:string.obj
 0001:000035b0       ?IsSpace@@YAEE@Z           001039b0 f   CommonLib:string.obj
 0001:000036b0       ?ToLower@@YAEE@Z           00103ab0 f   CommonLib:string.obj
 0001:00003e14       $LN27                      00104214     CommonLib:stdio.obj
 0001:00003e3c       $LN26                      0010423c     CommonLib:stdio.obj
 0001:00004a84       $LN25                      00104e84     CommonLib:stdio.obj
 0001:00004aac       $LN24                      00104eac     CommonLib:stdio.obj
 0001:00004ae0       ?skip_atoi@@YAHPAPBD@Z     00104ee0 f   CommonLib:stdio.obj
 0001:0000519c       $LN78                      0010559c     CommonLib:stdio.obj
 0001:000051c4       $LN76                      001055c4     CommonLib:stdio.obj
 0001:00005218       $LN79                      00105618     CommonLib:stdio.obj
 0001:0000522c       $LN77                      0010562c     CommonLib:stdio.obj
 0001:00005260       $$000000                   00105660     CommonLib:ulldiv.obj
 0001:000052d0       $$000000                   001056d0     CommonLib:ullrem.obj
 0001:00005350       __atob                     00105750 f   CommonLib:atob.obj
 0001:000057e0       __getbase                  00105be0 f   CommonLib:atob.obj
 0001:00005874       $LN11                      00105c74     CommonLib:atob.obj
 0001:00005884       $LN10                      00105c84     CommonLib:atob.obj
 0002:00000000       $SG3021                    00106000     Exception.obj
 0002:00000018       $SG3025                    00106018     Exception.obj
 0002:0000013c       $SG3032                    0010613c     Exception.obj
 0002:00000160       $SG3033                    00106160     Exception.obj
 0002:00000170       $SG3034                    00106170     Exception.obj
 0002:0000017c       $SG3042                    0010617c     Exception.obj
 0002:0000018c       $SG3048                    0010618c     Exception.obj
 0002:00000198       $SG3054                    00106198     Exception.obj
 0002:000001ac       $SG3060                    001061ac     Exception.obj
 0002:000001bc       $SG3066                    001061bc     Exception.obj
 0002:000001d0       $SG3072                    001061d0     Exception.obj
 0002:000001e0       $SG3078                    001061e0     Exception.obj
 0002:000001f4       $SG3084                    001061f4     Exception.obj
 0002:00000204       $SG3090                    00106204     Exception.obj
 0002:00000214       $SG3096                    00106214     Exception.obj
 0002:00000228       $SG3102                    00106228     Exception.obj
 0002:00000238       $SG3108                    00106238     Exception.obj
 0002:00000254       $SG3114                    00106254     Exception.obj
 0002:00000260       $SG3120                    00106260     Exception.obj
 0002:00000274       $SG3126                    00106274     Exception.obj
 0002:00000288       $SG3132                    00106288     Exception.obj
 0002:00000298       $SG3138                    00106298     Exception.obj
 0002:000002a8       $SG3143                    001062a8     Exception.obj
 0002:000002b8       $SG6108                    001062b8     kheap.obj
 0002:000002f0       $SG6109                    001062f0     kheap.obj
 0002:00000340       $SG6110                    00106340     kheap.obj
 0002:00000374       $SG6112                    00106374     kheap.obj
 0002:000003a8       $SG6113                    001063a8     kheap.obj
 0002:000003f8       $SG6114                    001063f8     kheap.obj
 0002:0000042c       $SG6149                    0010642c     kheap.obj
 0002:00000438       $SG6150                    00106438     kheap.obj
 0002:00000488       $SG6151                    00106488     kheap.obj
 0002:000004bc       $SG6174                    001064bc     kheap.obj
 0002:000004d0       $SG6175                    001064d0     kheap.obj
 0002:00000520       $SG6176                    00106520     kheap.obj
 0002:00000534       $SG6177                    00106534     kheap.obj
 0002:00000550       $SG6178                    00106550     kheap.obj
 0002:000005a0       $SG6179                    001065a0     kheap.obj
 0002:000005b8       $SG6197                    001065b8     kheap.obj
 0002:000005d0       $SG6198                    001065d0     kheap.obj
 0002:00000620       $SG6199                    00106620     kheap.obj
 0002:00000634       $SG6200                    00106634     kheap.obj
 0002:00000648       $SG6201                    00106648     kheap.obj
 0002:00000698       $SG6202                    00106698     kheap.obj
 0002:000006b0       $SG6357                    001066b0     kheap.obj
 0002:000006d0       $SG6358                    001066d0     kheap.obj
 0002:00000720       $SG6359                    00106720     kheap.obj
 0002:0000073c       $SG6360                    0010673c     kheap.obj
 0002:00000758       $SG6361                    00106758     kheap.obj
 0002:000007a8       $SG6362                    001067a8     kheap.obj
 0002:000007c4       $SG6365                    001067c4     kheap.obj
 0002:000007e0       $SG6366                    001067e0     kheap.obj
 0002:00000830       $SG6367                    00106830     kheap.obj
 0002:0000084c       $SG6724                    0010684c     PhysicalMemoryManager.obj
 0002:00000854       $SG6734                    00106854     PhysicalMemoryManager.obj
 0002:00000874       $SG6736                    00106874     PhysicalMemoryManager.obj
 0002:0000088c       $SG6737                    0010688c     PhysicalMemoryManager.obj
 0002:000008a8       $SG6738                    001068a8     PhysicalMemoryManager.obj
 0002:000008bc       $SG6739                    001068bc     PhysicalMemoryManager.obj
 0002:000008d0       $SG6863                    001068d0     PhysicalMemoryManager.obj
 0002:000008e4       $SG6864                    001068e4     PhysicalMemoryManager.obj
 0002:00000900       $SG6865                    00106900     PhysicalMemoryManager.obj
 0002:0000091c       $SG6866                    0010691c     PhysicalMemoryManager.obj
 0002:00000934       $SG6867                    00106934     PhysicalMemoryManager.obj
 0002:0000094c       $SG6287                    0010694c     VirtualMemoryManager.obj
 0002:0000096c       $SG6669                    0010696c     CYNAPI.obj
 0002:00000994       $SG6440                    00106994     kmain.obj
 0002:000009ac       $SG6447                    001069ac     kmain.obj
 0002:000009c8       $SG6461                    001069c8     kmain.obj
 0002:000009ec       $SG6462                    001069ec     kmain.obj
 0002:00000a00       $SG6463                    00106a00     kmain.obj
 0002:00000a18       $SG6464                    00106a18     kmain.obj
 0002:00000a30       $SG6465                    00106a30     kmain.obj
 0002:00000a54       $SG6468                    00106a54     kmain.obj
 0002:00000a8c       $SG6469                    00106a8c     kmain.obj
 0002:00000a9c       $SG6470                    00106a9c     kmain.obj
 0002:00000abc       $SG6472                    00106abc     kmain.obj
 0002:00000ad4       $SG6478                    00106ad4     kmain.obj
 0002:00000b30       $SG3262                    00106b30     CommonLib:stdio.obj
 0003:00000010       ?sickpc@@3PADA             00107010     Exception.obj
 0003:0000001c       ?max_atexitlist_entries@@3IA 0010701c     CommonLib:cstd.obj
 0003:00000030       ?maxExponent@@3HA          00107030     CommonLib:string.obj
 0003:00000038       ?powersOf10@@3PANA         00107038     CommonLib:string.obj
 0003:00000080       $SG4638                    00107080     CommonLib:atob.obj
 0003:00000298       ?_gdt@@3PAUgdt_descriptor@@A 00107298     GDT.obj
 0003:000002e8       ?_gdtr@@3Ugdtr@@A          001072e8     GDT.obj
 0003:000002f0       ?_idt@@3PAUidt_descriptor@@A 001072f0     IDT.obj
 0003:00000af0       ?_idtr@@3Uidtr@@A          00107af0     IDT.obj
 0003:00000c1c       ?m_Color@CYNConsole@@3W4ConsoleColor@@A 00107c1c     CYNConsole.obj
 0003:00000c20       ?m_Text@CYNConsole@@3W4ConsoleColor@@A 00107c20     CYNConsole.obj
 0003:00000c24       ?m_backGroundColor@CYNConsole@@3W4ConsoleColor@@A 00107c24     CYNConsole.obj
 0003:00000c28       ?m_xPos@CYNConsole@@3IA    00107c28     CYNConsole.obj
 0003:00000c2c       ?m_yPos@CYNConsole@@3IA    00107c2c     CYNConsole.obj
 0003:00000c30       ?m_pVideoMemory@CYNConsole@@3PAGA 00107c30     CYNConsole.obj
 0003:00000c34       ?m_ScreenHeight@CYNConsole@@3IA 00107c34     CYNConsole.obj
 0003:00000c38       ?m_ScreenWidth@CYNConsole@@3IA 00107c38     CYNConsole.obj
 0003:00000c3c       ?m_VideoCardType@CYNConsole@@3GA 00107c3c     CYNConsole.obj
 0003:00001fc8       ?pf_atexitlist@@3PAP6AXXZA 00108fc8     CommonLib:cstd.obj
 0003:00001fcc       ?cur_atexitlist_entries@@3IA 00108fcc     CommonLib:cstd.obj
 0003:00001ff0       ?lastToken@?1??strtok@@9@4PADA 00108ff0     CommonLib:string.obj
